TAP version 13
# Subtest: seventy-two real bindings preserve old defaults and distinct storage keys
ok 1 - seventy-two real bindings preserve old defaults and distinct storage keys
  ---
  duration_ms: 4.617583
  type: 'test'
  ...
# Subtest: actual factory and registered model retain first answers and corrections for all seventy-two courses
ok 2 - actual factory and registered model retain first answers and corrections for all seventy-two courses
  ---
  duration_ms: 23.73525
  type: 'test'
  ...
# Subtest: every envelope and correction sidecar is accepted only by its exact course across 72 by 72 pairs
ok 3 - every envelope and correction sidecar is accepted only by its exact course across 72 by 72 pairs
  ---
  duration_ms: 218.24075
  type: 'test'
  ...
# Subtest: foreign correction events reject in the valid feedback phase and retain the original answer
ok 4 - foreign correction events reject in the valid feedback phase and retain the original answer
  ---
  duration_ms: 294.318042
  type: 'test'
  ...
# Subtest: future envelopes, unknown course or question IDs, forged event keys and unsafe sidecars reject without changing raw
ok 5 - future envelopes, unknown course or question IDs, forged event keys and unsafe sidecars reject without changing raw
  ---
  duration_ms: 92.814333
  type: 'test'
  ...
# Subtest: seventy-two pending courses produce distinct Today tasks and oldest pending wins without mutation
ok 6 - seventy-two pending courses produce distinct Today tasks and oldest pending wins without mutation
  ---
  duration_ms: 38.63275
  type: 'test'
  ...
# Subtest: seventy-two due courses produce distinct tasks ordered by earliest due, while any pending course wins
ok 7 - seventy-two due courses produce distinct tasks ordered by earliest due, while any pending course wins
  ---
  duration_ms: 212.340917
  type: 'test'
  ...
# Subtest: registered courses advance independently by n+2 then 143 enters its existing chapter-6 assessment
ok 8 - registered courses advance independently by n+2 then 143 enters its existing chapter-6 assessment
  ---
  duration_ms: 1074.676041
  type: 'test'
  ...
# Subtest: advanced, reset and explicitly unlocked map routes retain their existing intentions
ok 9 - advanced, reset and explicitly unlocked map routes retain their existing intentions
  ---
  duration_ms: 8.974042
  type: 'test'
  ...
# Subtest: selected summaries stay isolated and malformed records remain blocked with original text intact
ok 10 - selected summaries stay isolated and malformed records remain blocked with original text intact
  ---
  duration_ms: 46.852667
  type: 'test'
  ...
# Subtest: actual progress backup and validator preserve all seventy-two records, sidecars and original classic history
ok 11 - actual progress backup and validator preserve all seventy-two records, sidecars and original classic history
  ---
  duration_ms: 10.64525
  type: 'test'
  ...
# Subtest: actual successor guards the complete NCE1 chain and chapter-6 endpoint with unknown safe fallback
ok 12 - actual successor guards the complete NCE1 chain and chapter-6 endpoint with unknown safe fallback
  ---
  duration_ms: 0.539959
  type: 'test'
  ...
# Subtest: 145, 147 and stable unknown have no registered course-loop model, keys, sidecars or envelopes
ok 13 - 145, 147 and stable unknown have no registered course-loop model, keys, sidecars or envelopes
  ---
  duration_ms: 1.125667
  type: 'test'
  ...
# Current production factory SHA256: 4b3a67cf22c23f2d263af523ac6e314c37714f4b03784efbd935d695571daa57
# New-course constrained matcher replay: {"courses":6,"questions":108,"choiceQuestions":7,"accepted":561,"semanticNegatives":432,"punctuationNegatives":108,"widthNegatives":108,"spontaneousTransfer":"not-assessed"}
# Subtest: factory is the current video-capable production file and SourceKind includes video
ok 14 - factory is the current video-capable production file and SourceKind includes video
  ---
  duration_ms: 6.800083
  type: 'test'
  ...
# Subtest: video source events before answers persist assistance and after answers preserve the unassisted original
ok 15 - video source events before answers persist assistance and after answers preserve the unassisted original
  ---
  duration_ms: 16.208667
  type: 'test'
  ...
# Subtest: video-assisted independent correct originals still require correction and retain scoped help through repair and backup
ok 16 - video-assisted independent correct originals still require correction and retain scoped help through repair and backup
  ---
  duration_ms: 184.067916
  type: 'test'
  ...
# Subtest: all six new courses preserve constrained accepted forms and semantic negatives through actual factory replay
ok 17 - all six new courses preserve constrained accepted forms and semantic negatives through actual factory replay
  ---
  duration_ms: 466.178541
  type: 'test'
  ...
# Subtest: NCE1 ends at 143 and chapter-6 access opens its existing CourseRoom without granting gates
ok 18 - NCE1 ends at 143 and chapter-6 access opens its existing CourseRoom without granting gates
  ---
  duration_ms: 66.707334
  type: 'test'
  ...
# Subtest: synthetic real-map grade proofs require every chapter member plus a valid project; access or either half alone cannot pass
ok 19 - synthetic real-map grade proofs require every chapter member plus a valid project; access or either half alone cannot pass
  ---
  duration_ms: 259.272375
  type: 'test'
  ...
# Subtest: 143 unfinished or due overrides chapter endpoint; returning through 143 and unknown fallback has a real reachable href
ok 20 - 143 unfinished or due overrides chapter endpoint; returning through 143 and unknown fallback has a real reachable href
  ---
  duration_ms: 75.672334
  type: 'test'
  ...
# R15 actual host: {"courses":72,"finitePools":72,"repairTasks":72}
# Subtest: all seventy-two actual factories retain distinct failed and helped answers in both finite banks
ok 21 - all seventy-two actual factories retain distinct failed and helped answers in both finite banks
  ---
  duration_ms: 8.122666
  type: 'test'
  ...
# Subtest: waiting before due has no loop task; first due selects review with same-course href and unchanged raw
ok 22 - waiting before due has no loop task; first due selects review with same-course href and unchanged raw
  ---
  duration_ms: 201.658166
  type: 'test'
  ...
# Subtest: exhausted failed/helped cases remain explicit repair tasks on their exact course, not silent Today drops
ok 23 - exhausted failed/helped cases remain explicit repair tasks on their exact course, not silent Today drops
  ---
  duration_ms: 1586.461
  type: 'test'
  ...
# Subtest: exhausted independent banks retain their seven-day schedule and distinct completion evidence
ok 24 - exhausted independent banks retain their seven-day schedule and distinct completion evidence
  ---
  duration_ms: 26.465167
  type: 'test'
  ...
# Subtest: finite-pool familiar repair allows continuous n+2 continuation without repeated fresh review claims
ok 25 - finite-pool familiar repair allows continuous n+2 continuation without repeated fresh review claims
  ---
  duration_ms: 142.285375
  type: 'test'
  ...
# Subtest: native backup round-trip preserves exhausted raw and evidence with no private-record dependency
ok 26 - native backup round-trip preserves exhausted raw and evidence with no private-record dependency
  ---
  duration_ms: 1.50925
  type: 'test'
  ...
# Subtest: CourseId, source lesson and comicKey literals cover the actual 72 bindings exactly
ok 27 - CourseId, source lesson and comicKey literals cover the actual 72 bindings exactly
  ---
  duration_ms: 4.823083
  type: 'test'
  ...
# Subtest: actual production has seventy-two exact bindings and distinct keys while prior sixty-six source evidence remains intact
ok 28 - actual production has seventy-two exact bindings and distinct keys while prior sixty-six source evidence remains intact
  ---
  duration_ms: 4.563875
  type: 'test'
  ...
# Subtest: nce1-1: authored source agrees with JSON transcript, original LRC and comic metadata
ok 29 - nce1-1: authored source agrees with JSON transcript, original LRC and comic metadata
  ---
  duration_ms: 9.553917
  type: 'test'
  ...
# Subtest: nce1-3: authored source agrees with JSON transcript, original LRC and comic metadata
ok 30 - nce1-3: authored source agrees with JSON transcript, original LRC and comic metadata
  ---
  duration_ms: 4.013583
  type: 'test'
  ...
# Subtest: nce1-5: authored source agrees with JSON transcript, original LRC and comic metadata
ok 31 - nce1-5: authored source agrees with JSON transcript, original LRC and comic metadata
  ---
  duration_ms: 4.148333
  type: 'test'
  ...
# Subtest: nce1-7: authored source agrees with JSON transcript, original LRC and comic metadata
ok 32 - nce1-7: authored source agrees with JSON transcript, original LRC and comic metadata
  ---
  duration_ms: 3.653375
  type: 'test'
  ...
# Subtest: nce1-9: authored source agrees with JSON transcript, original LRC and comic metadata
ok 33 - nce1-9: authored source agrees with JSON transcript, original LRC and comic metadata
  ---
  duration_ms: 3.34425
  type: 'test'
  ...
# Subtest: nce1-11: authored source agrees with JSON transcript, original LRC and comic metadata
ok 34 - nce1-11: authored source agrees with JSON transcript, original LRC and comic metadata
  ---
  duration_ms: 3.618833
  type: 'test'
  ...
# Subtest: nce1-13: authored source agrees with JSON transcript, original LRC and comic metadata
ok 35 - nce1-13: authored source agrees with JSON transcript, original LRC and comic metadata
  ---
  duration_ms: 3.699959
  type: 'test'
  ...
# Subtest: nce1-15: authored source agrees with JSON transcript, original LRC and comic metadata
ok 36 - nce1-15: authored source agrees with JSON transcript, original LRC and comic metadata
  ---
  duration_ms: 4.888333
  type: 'test'
  ...
# Subtest: nce1-17: authored source agrees with JSON transcript, original LRC and comic metadata
ok 37 - nce1-17: authored source agrees with JSON transcript, original LRC and comic metadata
  ---
  duration_ms: 5.374625
  type: 'test'
  ...
# Subtest: nce1-19: authored source agrees with JSON transcript, original LRC and comic metadata
ok 38 - nce1-19: authored source agrees with JSON transcript, original LRC and comic metadata
  ---
  duration_ms: 3.586792
  type: 'test'
  ...
# Subtest: nce1-21: authored source agrees with JSON transcript, original LRC and comic metadata
ok 39 - nce1-21: authored source agrees with JSON transcript, original LRC and comic metadata
  ---
  duration_ms: 2.957042
  type: 'test'
  ...
# Subtest: nce1-23: authored source agrees with JSON transcript, original LRC and comic metadata
ok 40 - nce1-23: authored source agrees with JSON transcript, original LRC and comic metadata
  ---
  duration_ms: 2.953458
  type: 'test'
  ...
# Subtest: nce1-25: authored source agrees with JSON transcript, original LRC and comic metadata
ok 41 - nce1-25: authored source agrees with JSON transcript, original LRC and comic metadata
  ---
  duration_ms: 5.396458
  type: 'test'
  ...
# Subtest: nce1-27: authored source agrees with JSON transcript, original LRC and comic metadata
ok 42 - nce1-27: authored source agrees with JSON transcript, original LRC and comic metadata
  ---
  duration_ms: 3.686
  type: 'test'
  ...
# Subtest: nce1-29: authored source agrees with JSON transcript, original LRC and comic metadata
ok 43 - nce1-29: authored source agrees with JSON transcript, original LRC and comic metadata
  ---
  duration_ms: 3.116333
  type: 'test'
  ...
# Subtest: nce1-31: authored source agrees with JSON transcript, original LRC and comic metadata
ok 44 - nce1-31: authored source agrees with JSON transcript, original LRC and comic metadata
  ---
  duration_ms: 3.259334
  type: 'test'
  ...
# Subtest: nce1-33: authored source agrees with JSON transcript, original LRC and comic metadata
ok 45 - nce1-33: authored source agrees with JSON transcript, original LRC and comic metadata
  ---
  duration_ms: 3.319
  type: 'test'
  ...
# Subtest: nce1-35: authored source agrees with JSON transcript, original LRC and comic metadata
ok 46 - nce1-35: authored source agrees with JSON transcript, original LRC and comic metadata
  ---
  duration_ms: 3.4205
  type: 'test'
  ...
# Subtest: nce1-37: authored source agrees with JSON transcript, original LRC and comic metadata
ok 47 - nce1-37: authored source agrees with JSON transcript, original LRC and comic metadata
  ---
  duration_ms: 3.115041
  type: 'test'
  ...
# Subtest: nce1-39: authored source agrees with JSON transcript, original LRC and comic metadata
ok 48 - nce1-39: authored source agrees with JSON transcript, original LRC and comic metadata
  ---
  duration_ms: 3.387792
  type: 'test'
  ...
# Subtest: nce1-41: authored source agrees with JSON transcript, original LRC and comic metadata
ok 49 - nce1-41: authored source agrees with JSON transcript, original LRC and comic metadata
  ---
  duration_ms: 3.4765
  type: 'test'
  ...
# Subtest: nce1-43: authored source agrees with JSON transcript, original LRC and comic metadata
ok 50 - nce1-43: authored source agrees with JSON transcript, original LRC and comic metadata
  ---
  duration_ms: 3.879166
  type: 'test'
  ...
# Subtest: nce1-45: authored source agrees with JSON transcript, original LRC and comic metadata
ok 51 - nce1-45: authored source agrees with JSON transcript, original LRC and comic metadata
  ---
  duration_ms: 4.010083
  type: 'test'
  ...
# Subtest: nce1-47: authored source agrees with JSON transcript, original LRC and comic metadata
ok 52 - nce1-47: authored source agrees with JSON transcript, original LRC and comic metadata
  ---
  duration_ms: 3.196334
  type: 'test'
  ...
# Subtest: nce1-49: authored source agrees with JSON transcript, original LRC and comic metadata
ok 53 - nce1-49: authored source agrees with JSON transcript, original LRC and comic metadata
  ---
  duration_ms: 3.630208
  type: 'test'
  ...
# Subtest: nce1-51: authored source agrees with JSON transcript, original LRC and comic metadata
ok 54 - nce1-51: authored source agrees with JSON transcript, original LRC and comic metadata
  ---
  duration_ms: 3.699791
  type: 'test'
  ...
# Subtest: nce1-53: authored source agrees with JSON transcript, original LRC and comic metadata
ok 55 - nce1-53: authored source agrees with JSON transcript, original LRC and comic metadata
  ---
  duration_ms: 3.924791
  type: 'test'
  ...
# Subtest: nce1-55: authored source agrees with JSON transcript, original LRC and comic metadata
ok 56 - nce1-55: authored source agrees with JSON transcript, original LRC and comic metadata
  ---
  duration_ms: 3.65075
  type: 'test'
  ...
# Subtest: nce1-57: authored source agrees with JSON transcript, original LRC and comic metadata
ok 57 - nce1-57: authored source agrees with JSON transcript, original LRC and comic metadata
  ---
  duration_ms: 4.106417
  type: 'test'
  ...
# Subtest: nce1-59: authored source agrees with JSON transcript, original LRC and comic metadata
ok 58 - nce1-59: authored source agrees with JSON transcript, original LRC and comic metadata
  ---
  duration_ms: 3.564875
  type: 'test'
  ...
# Subtest: nce1-61: authored source agrees with JSON transcript, original LRC and comic metadata
ok 59 - nce1-61: authored source agrees with JSON transcript, original LRC and comic metadata
  ---
  duration_ms: 4.34675
  type: 'test'
  ...
# Subtest: nce1-63: authored source agrees with JSON transcript, original LRC and comic metadata
ok 60 - nce1-63: authored source agrees with JSON transcript, original LRC and comic metadata
  ---
  duration_ms: 5.374125
  type: 'test'
  ...
# Subtest: nce1-65: authored source agrees with JSON transcript, original LRC and comic metadata
ok 61 - nce1-65: authored source agrees with JSON transcript, original LRC and comic metadata
  ---
  duration_ms: 3.989834
  type: 'test'
  ...
# Subtest: nce1-67: authored source agrees with JSON transcript, original LRC and comic metadata
ok 62 - nce1-67: authored source agrees with JSON transcript, original LRC and comic metadata
  ---
  duration_ms: 4.000125
  type: 'test'
  ...
# Subtest: nce1-69: authored source agrees with JSON transcript, original LRC and comic metadata
ok 63 - nce1-69: authored source agrees with JSON transcript, original LRC and comic metadata
  ---
  duration_ms: 3.94525
  type: 'test'
  ...
# Subtest: nce1-71: authored source agrees with JSON transcript, original LRC and comic metadata
ok 64 - nce1-71: authored source agrees with JSON transcript, original LRC and comic metadata
  ---
  duration_ms: 4.59
  type: 'test'
  ...
# Subtest: nce1-73: authored source agrees with JSON transcript, original LRC and comic metadata
ok 65 - nce1-73: authored source agrees with JSON transcript, original LRC and comic metadata
  ---
  duration_ms: 4.45025
  type: 'test'
  ...
# Subtest: nce1-75: authored source agrees with JSON transcript, original LRC and comic metadata
ok 66 - nce1-75: authored source agrees with JSON transcript, original LRC and comic metadata
  ---
  duration_ms: 3.485667
  type: 'test'
  ...
# Subtest: nce1-77: authored source agrees with JSON transcript, original LRC and comic metadata
ok 67 - nce1-77: authored source agrees with JSON transcript, original LRC and comic metadata
  ---
  duration_ms: 4.022583
  type: 'test'
  ...
# Subtest: nce1-79: authored source agrees with JSON transcript, original LRC and comic metadata
ok 68 - nce1-79: authored source agrees with JSON transcript, original LRC and comic metadata
  ---
  duration_ms: 4.821667
  type: 'test'
  ...
# Subtest: nce1-81: authored source agrees with JSON transcript, original LRC and comic metadata
ok 69 - nce1-81: authored source agrees with JSON transcript, original LRC and comic metadata
  ---
  duration_ms: 3.564959
  type: 'test'
  ...
# Subtest: nce1-83: authored source agrees with JSON transcript, original LRC and comic metadata
ok 70 - nce1-83: authored source agrees with JSON transcript, original LRC and comic metadata
  ---
  duration_ms: 3.77025
  type: 'test'
  ...
# Subtest: nce1-85: authored source agrees with JSON transcript, original LRC and comic metadata
ok 71 - nce1-85: authored source agrees with JSON transcript, original LRC and comic metadata
  ---
  duration_ms: 3.273167
  type: 'test'
  ...
# Subtest: nce1-87: authored source agrees with JSON transcript, original LRC and comic metadata
ok 72 - nce1-87: authored source agrees with JSON transcript, original LRC and comic metadata
  ---
  duration_ms: 3.28625
  type: 'test'
  ...
# Subtest: nce1-89: authored source agrees with JSON transcript, original LRC and comic metadata
ok 73 - nce1-89: authored source agrees with JSON transcript, original LRC and comic metadata
  ---
  duration_ms: 3.65375
  type: 'test'
  ...
# Subtest: nce1-91: authored source agrees with JSON transcript, original LRC and comic metadata
ok 74 - nce1-91: authored source agrees with JSON transcript, original LRC and comic metadata
  ---
  duration_ms: 4.113458
  type: 'test'
  ...
# Subtest: nce1-93: authored source agrees with JSON transcript, original LRC and comic metadata
ok 75 - nce1-93: authored source agrees with JSON transcript, original LRC and comic metadata
  ---
  duration_ms: 3.711125
  type: 'test'
  ...
# Subtest: nce1-95: authored source agrees with JSON transcript, original LRC and comic metadata
ok 76 - nce1-95: authored source agrees with JSON transcript, original LRC and comic metadata
  ---
  duration_ms: 3.971167
  type: 'test'
  ...
# Subtest: nce1-97: authored source agrees with JSON transcript, original LRC and comic metadata
ok 77 - nce1-97: authored source agrees with JSON transcript, original LRC and comic metadata
  ---
  duration_ms: 4.744583
  type: 'test'
  ...
# Subtest: nce1-99: authored source agrees with JSON transcript, original LRC and comic metadata
ok 78 - nce1-99: authored source agrees with JSON transcript, original LRC and comic metadata
  ---
  duration_ms: 3.367667
  type: 'test'
  ...
# Subtest: nce1-101: authored source agrees with JSON transcript, original LRC and comic metadata
ok 79 - nce1-101: authored source agrees with JSON transcript, original LRC and comic metadata
  ---
  duration_ms: 4.264416
  type: 'test'
  ...
# Subtest: nce1-103: authored source agrees with JSON transcript, original LRC and comic metadata
ok 80 - nce1-103: authored source agrees with JSON transcript, original LRC and comic metadata
  ---
  duration_ms: 3.613208
  type: 'test'
  ...
# Subtest: nce1-105: authored source agrees with JSON transcript, original LRC and comic metadata
ok 81 - nce1-105: authored source agrees with JSON transcript, original LRC and comic metadata
  ---
  duration_ms: 3.416458
  type: 'test'
  ...
# Subtest: nce1-107: authored source agrees with JSON transcript, original LRC and comic metadata
ok 82 - nce1-107: authored source agrees with JSON transcript, original LRC and comic metadata
  ---
  duration_ms: 4.353333
  type: 'test'
  ...
# Subtest: nce1-109: authored source agrees with JSON transcript, original LRC and comic metadata
ok 83 - nce1-109: authored source agrees with JSON transcript, original LRC and comic metadata
  ---
  duration_ms: 3.770708
  type: 'test'
  ...
# Subtest: nce1-111: authored source agrees with JSON transcript, original LRC and comic metadata
ok 84 - nce1-111: authored source agrees with JSON transcript, original LRC and comic metadata
  ---
  duration_ms: 4.205875
  type: 'test'
  ...
# Subtest: nce1-113: authored source agrees with JSON transcript, original LRC and comic metadata
ok 85 - nce1-113: authored source agrees with JSON transcript, original LRC and comic metadata
  ---
  duration_ms: 4.5375
  type: 'test'
  ...
# Subtest: nce1-115: authored source agrees with JSON transcript, original LRC and comic metadata
ok 86 - nce1-115: authored source agrees with JSON transcript, original LRC and comic metadata
  ---
  duration_ms: 3.648417
  type: 'test'
  ...
# Subtest: nce1-117: authored source agrees with JSON transcript, original LRC and comic metadata
ok 87 - nce1-117: authored source agrees with JSON transcript, original LRC and comic metadata
  ---
  duration_ms: 3.646875
  type: 'test'
  ...
# Subtest: nce1-119: authored source agrees with JSON transcript, original LRC and comic metadata
ok 88 - nce1-119: authored source agrees with JSON transcript, original LRC and comic metadata
  ---
  duration_ms: 5.322458
  type: 'test'
  ...
# Subtest: nce1-121: authored source agrees with JSON transcript, original LRC and comic metadata
ok 89 - nce1-121: authored source agrees with JSON transcript, original LRC and comic metadata
  ---
  duration_ms: 3.69125
  type: 'test'
  ...
# Subtest: nce1-123: authored source agrees with JSON transcript, original LRC and comic metadata
ok 90 - nce1-123: authored source agrees with JSON transcript, original LRC and comic metadata
  ---
  duration_ms: 3.532709
  type: 'test'
  ...
# Subtest: nce1-125: authored source agrees with JSON transcript, original LRC and comic metadata
ok 91 - nce1-125: authored source agrees with JSON transcript, original LRC and comic metadata
  ---
  duration_ms: 3.478458
  type: 'test'
  ...
# Subtest: nce1-127: authored source agrees with JSON transcript, original LRC and comic metadata
ok 92 - nce1-127: authored source agrees with JSON transcript, original LRC and comic metadata
  ---
  duration_ms: 4.232916
  type: 'test'
  ...
# Subtest: nce1-129: authored source agrees with JSON transcript, original LRC and comic metadata
ok 93 - nce1-129: authored source agrees with JSON transcript, original LRC and comic metadata
  ---
  duration_ms: 4.811917
  type: 'test'
  ...
# Subtest: nce1-131: authored source agrees with JSON transcript, original LRC and comic metadata
ok 94 - nce1-131: authored source agrees with JSON transcript, original LRC and comic metadata
  ---
  duration_ms: 3.665
  type: 'test'
  ...
# Subtest: nce1-133: authored source agrees with JSON transcript, original LRC and comic metadata
ok 95 - nce1-133: authored source agrees with JSON transcript, original LRC and comic metadata
  ---
  duration_ms: 6.237375
  type: 'test'
  ...
# Subtest: nce1-135: authored source agrees with JSON transcript, original LRC and comic metadata
ok 96 - nce1-135: authored source agrees with JSON transcript, original LRC and comic metadata
  ---
  duration_ms: 7.763959
  type: 'test'
  ...
# Subtest: nce1-137: authored source agrees with JSON transcript, original LRC and comic metadata
ok 97 - nce1-137: authored source agrees with JSON transcript, original LRC and comic metadata
  ---
  duration_ms: 5.644083
  type: 'test'
  ...
# Subtest: nce1-139: authored source agrees with JSON transcript, original LRC and comic metadata
ok 98 - nce1-139: authored source agrees with JSON transcript, original LRC and comic metadata
  ---
  duration_ms: 5.568333
  type: 'test'
  ...
# Subtest: nce1-141: authored source agrees with JSON transcript, original LRC and comic metadata
ok 99 - nce1-141: authored source agrees with JSON transcript, original LRC and comic metadata
  ---
  duration_ms: 7.54175
  type: 'test'
  ...
# Subtest: nce1-143: authored source agrees with JSON transcript, original LRC and comic metadata
ok 100 - nce1-143: authored source agrees with JSON transcript, original LRC and comic metadata
  ---
  duration_ms: 6.9115
  type: 'test'
  ...
# Subtest: exact SourcePanel guard accepts only the matching source in all 72 by 72 pairs
ok 101 - exact SourcePanel guard accepts only the matching source in all 72 by 72 pairs
  ---
  duration_ms: 1.8145
  type: 'test'
  ...
# Subtest: exact SourcePanel guard rejects hash tampering, JSON-byte-hash substitution and wrong book or lesson
ok 102 - exact SourcePanel guard rejects hash tampering, JSON-byte-hash substitution and wrong book or lesson
  ---
  duration_ms: 4.302667
  type: 'test'
  ...
# Subtest: actual comic guard accepts only same-course source and body row count in all 72 by 72 pairs
ok 103 - actual comic guard accepts only same-course source and body row count in all 72 by 72 pairs
  ---
  duration_ms: 4.717333
  type: 'test'
  ...
# Subtest: audio clips have finite ordered windows, matching source starts and selected teaching targets
ok 104 - audio clips have finite ordered windows, matching source starts and selected teaching targets
  ---
  duration_ms: 0.636875
  type: 'test'
  ...
1..104
# tests 104
# suites 0
# pass 104
# fail 0
# cancelled 0
# skipped 0
# todo 0
# duration_ms 8667.901542
