TAP version 13
# Subtest: nce1-97 real transcript LRC, source panel, comic and paired exercise pages
ok 1 - nce1-97 real transcript LRC, source panel, comic and paired exercise pages
  ---
  duration_ms: 9.086125
  type: 'test'
  ...
# Subtest: nce1-99 real transcript LRC, source panel, comic and paired exercise pages
ok 2 - nce1-99 real transcript LRC, source panel, comic and paired exercise pages
  ---
  duration_ms: 4.628417
  type: 'test'
  ...
# Subtest: nce1-101 real transcript LRC, source panel, comic and paired exercise pages
ok 3 - nce1-101 real transcript LRC, source panel, comic and paired exercise pages
  ---
  duration_ms: 5.022083
  type: 'test'
  ...
# Subtest: nce1-103 real transcript LRC, source panel, comic and paired exercise pages
ok 4 - nce1-103 real transcript LRC, source panel, comic and paired exercise pages
  ---
  duration_ms: 3.971375
  type: 'test'
  ...
# Subtest: nce1-105 real transcript LRC, source panel, comic and paired exercise pages
ok 5 - nce1-105 real transcript LRC, source panel, comic and paired exercise pages
  ---
  duration_ms: 4.173209
  type: 'test'
  ...
# Subtest: nce1-107 real transcript LRC, source panel, comic and paired exercise pages
ok 6 - nce1-107 real transcript LRC, source panel, comic and paired exercise pages
  ---
  duration_ms: 5.047583
  type: 'test'
  ...
# Subtest: every cross-course SourcePanel pair rejects
ok 7 - every cross-course SourcePanel pair rejects
  ---
  duration_ms: 1.408917
  type: 'test'
  ...
# Subtest: record verified source evidence
ok 8 - record verified source evidence
  ---
  duration_ms: 3.749459
  type: 'test'
  ...
# Subtest: nce1-97 existing original audio parts match manifest (integrity, not hearing)
ok 9 - nce1-97 existing original audio parts match manifest (integrity, not hearing)
  ---
  duration_ms: 3.28525
  type: 'test'
  ...
# Subtest: nce1-99 existing original audio parts match manifest (integrity, not hearing)
ok 10 - nce1-99 existing original audio parts match manifest (integrity, not hearing)
  ---
  duration_ms: 2.703834
  type: 'test'
  ...
# Subtest: nce1-101 existing original audio parts match manifest (integrity, not hearing)
ok 11 - nce1-101 existing original audio parts match manifest (integrity, not hearing)
  ---
  duration_ms: 3.779667
  type: 'test'
  ...
# Subtest: nce1-103 existing original audio parts match manifest (integrity, not hearing)
ok 12 - nce1-103 existing original audio parts match manifest (integrity, not hearing)
  ---
  duration_ms: 3.142833
  type: 'test'
  ...
# Subtest: nce1-105 existing original audio parts match manifest (integrity, not hearing)
ok 13 - nce1-105 existing original audio parts match manifest (integrity, not hearing)
  ---
  duration_ms: 3.17775
  type: 'test'
  ...
# Subtest: nce1-107 existing original audio parts match manifest (integrity, not hearing)
ok 14 - nce1-107 existing original audio parts match manifest (integrity, not hearing)
  ---
  duration_ms: 3.184792
  type: 'test'
  ...
1..14
# tests 14
# suites 0
# pass 14
# fail 0
# cancelled 0
# skipped 0
# todo 0
# duration_ms 379.392958
