TAP version 13
# Subtest: production factory source is the unchanged current integration base file, without source substitution or shadow reducer
ok 1 - production factory source is the unchanged current integration base file, without source substitution or shadow reducer
  ---
  duration_ms: 25.025708
  type: 'test'
  ...
# Subtest: nce1-7: production factory uses exact first task, local semantic guard, and targeted teaching
ok 2 - nce1-7: production factory uses exact first task, local semantic guard, and targeted teaching
  ---
  duration_ms: 2.520584
  type: 'test'
  ...
# Subtest: nce1-7: source/hint identities, originals and correction requirements survive repair retry
ok 3 - nce1-7: source/hint identities, originals and correction requirements survive repair retry
  ---
  duration_ms: 5.565709
  type: 'test'
  ...
# Subtest: nce1-7: text/audio/comic each count as help without inventing audio or map evidence
ok 4 - nce1-7: text/audio/comic each count as help without inventing audio or map evidence
  ---
  duration_ms: 0.615167
  type: 'test'
  ...
# Subtest: nce1-7: partial input and corrections restore through the actual factory with original timestamps
ok 5 - nce1-7: partial input and corrections restore through the actual factory with original timestamps
  ---
  duration_ms: 2.219667
  type: 'test'
  ...
# Subtest: nce1-7: simulated delayed new banks enforce 24h, 7d/1d and finite exhaustion without grading open expression
ok 6 - nce1-7: simulated delayed new banks enforce 24h, 7d/1d and finite exhaustion without grading open expression
  ---
  duration_ms: 11.070667
  type: 'test'
  ...
# Subtest: nce1-9: production factory uses exact first task, local semantic guard, and targeted teaching
ok 7 - nce1-9: production factory uses exact first task, local semantic guard, and targeted teaching
  ---
  duration_ms: 0.526
  type: 'test'
  ...
# Subtest: nce1-9: source/hint identities, originals and correction requirements survive repair retry
ok 8 - nce1-9: source/hint identities, originals and correction requirements survive repair retry
  ---
  duration_ms: 3.1565
  type: 'test'
  ...
# Subtest: nce1-9: text/audio/comic each count as help without inventing audio or map evidence
ok 9 - nce1-9: text/audio/comic each count as help without inventing audio or map evidence
  ---
  duration_ms: 0.779375
  type: 'test'
  ...
# Subtest: nce1-9: partial input and corrections restore through the actual factory with original timestamps
ok 10 - nce1-9: partial input and corrections restore through the actual factory with original timestamps
  ---
  duration_ms: 1.959125
  type: 'test'
  ...
# Subtest: nce1-9: simulated delayed new banks enforce 24h, 7d/1d and finite exhaustion without grading open expression
ok 11 - nce1-9: simulated delayed new banks enforce 24h, 7d/1d and finite exhaustion without grading open expression
  ---
  duration_ms: 9.7025
  type: 'test'
  ...
# Subtest: nce1-11: production factory uses exact first task, local semantic guard, and targeted teaching
ok 12 - nce1-11: production factory uses exact first task, local semantic guard, and targeted teaching
  ---
  duration_ms: 0.343
  type: 'test'
  ...
# Subtest: nce1-11: source/hint identities, originals and correction requirements survive repair retry
ok 13 - nce1-11: source/hint identities, originals and correction requirements survive repair retry
  ---
  duration_ms: 2.84475
  type: 'test'
  ...
# Subtest: nce1-11: text/audio/comic each count as help without inventing audio or map evidence
ok 14 - nce1-11: text/audio/comic each count as help without inventing audio or map evidence
  ---
  duration_ms: 0.165666
  type: 'test'
  ...
# Subtest: nce1-11: partial input and corrections restore through the actual factory with original timestamps
ok 15 - nce1-11: partial input and corrections restore through the actual factory with original timestamps
  ---
  duration_ms: 1.26575
  type: 'test'
  ...
# Subtest: nce1-11: simulated delayed new banks enforce 24h, 7d/1d and finite exhaustion without grading open expression
ok 16 - nce1-11: simulated delayed new banks enforce 24h, 7d/1d and finite exhaustion without grading open expression
  ---
  duration_ms: 8.600625
  type: 'test'
  ...
# Subtest: new course envelopes and question IDs remain isolated; unsupported course/content versions keep raw
ok 17 - new course envelopes and question IDs remain isolated; unsupported course/content versions keep raw
  ---
  duration_ms: 0.444667
  type: 'test'
  ...
# Subtest: CL00 default exports remain equivalent to production factory binding and original key semantics
ok 18 - CL00 default exports remain equivalent to production factory binding and original key semantics
  ---
  duration_ms: 1.013959
  type: 'test'
  ...
1..18
# tests 18
# suites 0
# pass 18
# fail 0
# cancelled 0
# skipped 0
# todo 0
# duration_ms 109.116167
