PASS recommendation TypeScript check
PASS empty state recommends only the first course and never seeds optional queues
PASS manual unlock is access only; it adds no completion, review or repair
PASS map first failed check immediately recommends repair, once
PASS a hinted correct map answer stays repair, never mastery
PASS map failure takes priority over an older due review
PASS map first pass is due only after exactly 24 hours
PASS a future map attempt never turns an older pass into a due task
PASS future-only map proof cannot advance the current course using wall-clock time
PASS unfinished map check resumes without producing a second review or course entry
PASS restored unfinished starter bank resumes even when its round matches a legacy pass
PASS a never-submitted map check can resume from its saved question
PASS map delayed different rounds follow actual seven-day and twenty-one-day intervals
PASS early map repeats do not promote four raw passes into a twenty-one-day interval
PASS speech correction waits 24h, fresh hints postpone it, and a recorded recall clears only that task
PASS a changed speech source does not reuse an obsolete recording task
PASS locked repair targets are not recommended as actionable
PASS grammar first pass waits 24h and keeps a direct check route
PASS early grammar repeat cannot postpone the first delayed check
PASS same-bank grammar success does not create a seven-day interval
PASS a delayed different grammar bank waits seven days before the next check
PASS an early grammar repeat does not postpone an established weekly check
PASS grammar repair followed by success starts a fresh 24h check, not another week
PASS grammar failed and assisted attempts repair immediately, even before their next day
PASS a grammar round in progress resumes without altering its answers
PASS future grammar schema/content is preserved and never put into a writable task
PASS future grammar times are not due, successful or resumable evidence
PASS mere grammar reading or an empty malformed draft does not become a task
PASS non-first textbook goal due route keeps exact book, lesson and guide
PASS a failed textbook goal repairs before its future review date
PASS unfinished textbook goal and transfer resume the actual saved phase
PASS future textbook attempts and not-yet-due successful goals are not due tasks
PASS legacy self-check is secondary and not described as mastery
PASS legacy whole-lesson check is not duplicated beside its exact active goal
PASS an unsupported legacy journey version stays untouched
PASS legacy journey due and unfinished checks keep their original source
PASS legacy journey failure repairs immediately and future history never masquerades as due
PASS FSRS legacy migration is read-only and produces only one word task
PASS future cards stay out, new cards stay new, and due reviews outrank new cards
PASS a newly due learning card outranks reviews and new cards using real FSRS
PASS a half-finished revealed word resumes honestly before another card
PASS unknown FSRS version is rejected rather than silently downgraded
PASS offline empty fallback opens an actual lesson instead of linking to itself
PASS recommending, reordering or locally skipping does not change any saved evidence
PASS course fallback is last when present and never required when it would repeat the only task
PASS every generated task has a unique id, a real local destination and a safe return target
PASS due link opens one fresh round and preserves the finished evidence
PASS stale due links never discard answers or reopen early and failed checks
PASS all skipped recommendations expose an honest paused state and can restore
PASS unreadable records stay visible even when no recommendation is safe
49/49 today-practice model checks passed.
