TAP version 13
# Subtest: fifty-four real bindings preserve old defaults and distinct storage keys
ok 1 - fifty-four real bindings preserve old defaults and distinct storage keys
  ---
  duration_ms: 4.46875
  type: 'test'
  ...
# Subtest: actual factory and registered model retain first answers and corrections for all fifty-four courses
ok 2 - actual factory and registered model retain first answers and corrections for all fifty-four courses
  ---
  duration_ms: 18.837375
  type: 'test'
  ...
# Subtest: every envelope and correction sidecar is accepted only by its exact course across 54 by 54 pairs
ok 3 - every envelope and correction sidecar is accepted only by its exact course across 54 by 54 pairs
  ---
  duration_ms: 126.544125
  type: 'test'
  ...
# Subtest: foreign correction events reject in the valid feedback phase and retain the original answer
ok 4 - foreign correction events reject in the valid feedback phase and retain the original answer
  ---
  duration_ms: 185.69675
  type: 'test'
  ...
# Subtest: future envelopes, unknown course or question IDs, forged event keys and unsafe sidecars reject without changing raw
ok 5 - future envelopes, unknown course or question IDs, forged event keys and unsafe sidecars reject without changing raw
  ---
  duration_ms: 75.470083
  type: 'test'
  ...
# Subtest: fifty-four pending courses produce distinct Today tasks and oldest pending wins without mutation
ok 6 - fifty-four pending courses produce distinct Today tasks and oldest pending wins without mutation
  ---
  duration_ms: 38.206916
  type: 'test'
  ...
# Subtest: fifty-four due courses produce distinct tasks ordered by earliest due, while any pending course wins
ok 7 - fifty-four due courses produce distinct tasks ordered by earliest due, while any pending course wins
  ---
  duration_ms: 172.454166
  type: 'test'
  ...
# Subtest: all registered courses advance independently by n+2 through the existing 109 textbook node
ok 8 - all registered courses advance independently by n+2 through the existing 109 textbook node
  ---
  duration_ms: 642.161209
  type: 'test'
  ...
# Subtest: advanced, reset and explicitly unlocked map routes retain their existing intentions
ok 9 - advanced, reset and explicitly unlocked map routes retain their existing intentions
  ---
  duration_ms: 7.251875
  type: 'test'
  ...
# Subtest: selected summaries stay isolated and malformed records remain blocked with original text intact
ok 10 - selected summaries stay isolated and malformed records remain blocked with original text intact
  ---
  duration_ms: 67.45
  type: 'test'
  ...
# Subtest: actual progress backup and validator preserve all fifty-four records, sidecars and original classic history
ok 11 - actual progress backup and validator preserve all fifty-four records, sidecars and original classic history
  ---
  duration_ms: 9.200667
  type: 'test'
  ...
# Subtest: actual successor guards the continuous chain and existing 109 route with unknown safe fallback
ok 12 - actual successor guards the continuous chain and existing 109 route with unknown safe fallback
  ---
  duration_ms: 0.498709
  type: 'test'
  ...
# Subtest: 109, 111 and stable unknown have no registered course-loop model, keys, sidecars or envelopes
ok 13 - 109, 111 and stable unknown have no registered course-loop model, keys, sidecars or envelopes
  ---
  duration_ms: 1.957542
  type: 'test'
  ...
# Current production factory SHA256: 4b3a67cf22c23f2d263af523ac6e314c37714f4b03784efbd935d695571daa57
# New-course constrained matcher replay: {"courses":12,"questions":216,"accepted":1328,"semanticNegatives":864,"punctuationNegatives":216,"widthNegatives":216,"spontaneousTransfer":"not-assessed"}
# Subtest: factory is the current video-capable production file and SourceKind includes video
ok 14 - factory is the current video-capable production file and SourceKind includes video
  ---
  duration_ms: 7.491375
  type: 'test'
  ...
# Subtest: video source events before answers persist assistance and after answers preserve the unassisted original
ok 15 - video source events before answers persist assistance and after answers preserve the unassisted original
  ---
  duration_ms: 12.249375
  type: 'test'
  ...
# Subtest: video-assisted independent correct originals still require correction and retain scoped help through repair and backup
ok 16 - video-assisted independent correct originals still require correction and retain scoped help through repair and backup
  ---
  duration_ms: 144.510792
  type: 'test'
  ...
# Subtest: all twelve new courses preserve constrained accepted forms and semantic negatives through actual factory replay
ok 17 - all twelve new courses preserve constrained accepted forms and semantic negatives through actual factory replay
  ---
  duration_ms: 987.212792
  type: 'test'
  ...
# R15 actual host: {"courses":54,"finitePools":54,"repairTasks":54}
# Subtest: all fifty-four actual factories retain distinct failed and helped answers in both finite banks
ok 18 - all fifty-four actual factories retain distinct failed and helped answers in both finite banks
  ---
  duration_ms: 7.082375
  type: 'test'
  ...
# Subtest: waiting before due has no loop task; first due selects review with same-course href and unchanged raw
ok 19 - waiting before due has no loop task; first due selects review with same-course href and unchanged raw
  ---
  duration_ms: 169.72375
  type: 'test'
  ...
# Subtest: exhausted failed/helped cases remain explicit repair tasks on their exact course, not silent Today drops
ok 20 - exhausted failed/helped cases remain explicit repair tasks on their exact course, not silent Today drops
  ---
  duration_ms: 946.727375
  type: 'test'
  ...
# Subtest: exhausted independent banks retain their seven-day schedule and distinct completion evidence
ok 21 - exhausted independent banks retain their seven-day schedule and distinct completion evidence
  ---
  duration_ms: 22.421583
  type: 'test'
  ...
# Subtest: finite-pool familiar repair allows continuous n+2 continuation without repeated fresh review claims
ok 22 - finite-pool familiar repair allows continuous n+2 continuation without repeated fresh review claims
  ---
  duration_ms: 116.130125
  type: 'test'
  ...
# Subtest: native backup round-trip preserves exhausted raw and evidence with no private-record dependency
ok 23 - native backup round-trip preserves exhausted raw and evidence with no private-record dependency
  ---
  duration_ms: 1.900333
  type: 'test'
  ...
1..23
# tests 23
# suites 0
# pass 23
# fail 0
# cancelled 0
# skipped 0
# todo 0
# duration_ms 7937.856333
