TAP version 13
# Subtest: nce1-139 complete banks, meaningful variants and near-miss boundaries through production factory
ok 1 - nce1-139 complete banks, meaningful variants and near-miss boundaries through production factory
  ---
  duration_ms: 45.289666
  type: 'test'
  ...
# Subtest: nce1-139 assistance, preserved first answer, real correction guard, replay and finite delayed pools
ok 2 - nce1-139 assistance, preserved first answer, real correction guard, replay and finite delayed pools
  ---
  duration_ms: 13.579458
  type: 'test'
  ...
# Subtest: nce1-141 complete banks, meaningful variants and near-miss boundaries through production factory
ok 3 - nce1-141 complete banks, meaningful variants and near-miss boundaries through production factory
  ---
  duration_ms: 58.848208
  type: 'test'
  ...
# Subtest: nce1-141 assistance, preserved first answer, real correction guard, replay and finite delayed pools
ok 4 - nce1-141 assistance, preserved first answer, real correction guard, replay and finite delayed pools
  ---
  duration_ms: 12.111167
  type: 'test'
  ...
# Subtest: nce1-143 complete banks, meaningful variants and near-miss boundaries through production factory
ok 5 - nce1-143 complete banks, meaningful variants and near-miss boundaries through production factory
  ---
  duration_ms: 65.035375
  type: 'test'
  ...
# Subtest: nce1-143 assistance, preserved first answer, real correction guard, replay and finite delayed pools
ok 6 - nce1-143 assistance, preserved first answer, real correction guard, replay and finite delayed pools
  ---
  duration_ms: 10.586542
  type: 'test'
  ...
# Subtest: nce1-139 rejects nce1-141 raw without overwriting
ok 7 - nce1-139 rejects nce1-141 raw without overwriting
  ---
  duration_ms: 0.255167
  type: 'test'
  ...
# Subtest: nce1-139 rejects nce1-143 raw without overwriting
ok 8 - nce1-139 rejects nce1-143 raw without overwriting
  ---
  duration_ms: 0.08625
  type: 'test'
  ...
# Subtest: nce1-141 rejects nce1-139 raw without overwriting
ok 9 - nce1-141 rejects nce1-139 raw without overwriting
  ---
  duration_ms: 0.413875
  type: 'test'
  ...
# Subtest: nce1-141 rejects nce1-143 raw without overwriting
ok 10 - nce1-141 rejects nce1-143 raw without overwriting
  ---
  duration_ms: 0.503375
  type: 'test'
  ...
# Subtest: nce1-143 rejects nce1-139 raw without overwriting
ok 11 - nce1-143 rejects nce1-139 raw without overwriting
  ---
  duration_ms: 0.135542
  type: 'test'
  ...
# Subtest: nce1-143 rejects nce1-141 raw without overwriting
ok 12 - nce1-143 rejects nce1-141 raw without overwriting
  ---
  duration_ms: 0.051584
  type: 'test'
  ...
# Subtest: external independent blind 139-143 covers eighteen tasks per course and every reasonable variant
ok 13 - external independent blind 139-143 covers eighteen tasks per course and every reasonable variant
  ---
  duration_ms: 0.794708
  type: 'test'
  ...
# Subtest: blind stems 139-143 remain identical to reviewed final tasks
ok 14 - blind stems 139-143 remain identical to reviewed final tasks
  ---
  duration_ms: 2.436
  type: 'test'
  ...
# Subtest: shared production implementations and source guard are byte identical to exact frozen baseline
ok 15 - shared production implementations and source guard are byte identical to exact frozen baseline
  ---
  duration_ms: 214.985625
  type: 'test'
  ...
# Subtest: all tracked diff and untracked delivery files stay in this content/test/docs ownership
ok 16 - all tracked diff and untracked delivery files stay in this content/test/docs ownership
  ---
  duration_ms: 38.729459
  type: 'test'
  ...
# Subtest: new task contexts are distinct, target banks include real first/repair/delayed material
ok 17 - new task contexts are distinct, target banks include real first/repair/delayed material
  ---
  duration_ms: 6.712125
  type: 'test'
  ...
# Subtest: unwired successors keep the real current route; QA registration is not production integration
ok 18 - unwired successors keep the real current route; QA registration is not production integration
  ---
  duration_ms: 169.872459
  type: 'test'
  ...
# Subtest: nce1-139 real transcript LRC, source panel, comic and paired exercise pages
ok 19 - nce1-139 real transcript LRC, source panel, comic and paired exercise pages
  ---
  duration_ms: 8.375375
  type: 'test'
  ...
# Subtest: nce1-141 real transcript LRC, source panel, comic and paired exercise pages
ok 20 - nce1-141 real transcript LRC, source panel, comic and paired exercise pages
  ---
  duration_ms: 4.359333
  type: 'test'
  ...
# Subtest: nce1-143 real transcript LRC, source panel, comic and paired exercise pages
ok 21 - nce1-143 real transcript LRC, source panel, comic and paired exercise pages
  ---
  duration_ms: 3.253375
  type: 'test'
  ...
# Subtest: every cross-course SourcePanel pair rejects
ok 22 - every cross-course SourcePanel pair rejects
  ---
  duration_ms: 1.213042
  type: 'test'
  ...
1..22
# tests 22
# suites 0
# pass 22
# fail 0
# cancelled 0
# skipped 0
# todo 0
# duration_ms 556.790041
