TAP version 13
# Subtest: nce1-133 real transcript LRC, source panel, comic and paired exercise pages
ok 1 - nce1-133 real transcript LRC, source panel, comic and paired exercise pages
  ---
  duration_ms: 7.86125
  type: 'test'
  ...
# Subtest: nce1-135 real transcript LRC, source panel, comic and paired exercise pages
ok 2 - nce1-135 real transcript LRC, source panel, comic and paired exercise pages
  ---
  duration_ms: 2.94325
  type: 'test'
  ...
# Subtest: nce1-137 real transcript LRC, source panel, comic and paired exercise pages
ok 3 - nce1-137 real transcript LRC, source panel, comic and paired exercise pages
  ---
  duration_ms: 2.283125
  type: 'test'
  ...
# Subtest: nce1-139 real transcript LRC, source panel, comic and paired exercise pages
ok 4 - nce1-139 real transcript LRC, source panel, comic and paired exercise pages
  ---
  duration_ms: 2.271916
  type: 'test'
  ...
# Subtest: nce1-141 real transcript LRC, source panel, comic and paired exercise pages
ok 5 - nce1-141 real transcript LRC, source panel, comic and paired exercise pages
  ---
  duration_ms: 2.436208
  type: 'test'
  ...
# Subtest: nce1-143 real transcript LRC, source panel, comic and paired exercise pages
ok 6 - nce1-143 real transcript LRC, source panel, comic and paired exercise pages
  ---
  duration_ms: 2.641333
  type: 'test'
  ...
# Subtest: every cross-course SourcePanel pair rejects
ok 7 - every cross-course SourcePanel pair rejects
  ---
  duration_ms: 1.22025
  type: 'test'
  ...
# Subtest: record verified source evidence
ok 8 - record verified source evidence
  ---
  duration_ms: 1.143917
  type: 'test'
  ...
1..8
# tests 8
# suites 0
# pass 8
# fail 0
# cancelled 0
# skipped 0
# todo 0
# duration_ms 350.313209
