TAP version 13
# Subtest: nce1-127 real transcript LRC, source panel, comic and paired exercise pages
ok 1 - nce1-127 real transcript LRC, source panel, comic and paired exercise pages
  ---
  duration_ms: 7.957375
  type: 'test'
  ...
# Subtest: nce1-129 real transcript LRC, source panel, comic and paired exercise pages
ok 2 - nce1-129 real transcript LRC, source panel, comic and paired exercise pages
  ---
  duration_ms: 4.488542
  type: 'test'
  ...
# Subtest: nce1-131 real transcript LRC, source panel, comic and paired exercise pages
ok 3 - nce1-131 real transcript LRC, source panel, comic and paired exercise pages
  ---
  duration_ms: 3.836125
  type: 'test'
  ...
# Subtest: every cross-course SourcePanel pair rejects
ok 4 - every cross-course SourcePanel pair rejects
  ---
  duration_ms: 0.831333
  type: 'test'
  ...
# Subtest: nce1-127 existing original audio parts match manifest (integrity, not hearing)
ok 5 - nce1-127 existing original audio parts match manifest (integrity, not hearing)
  ---
  duration_ms: 2.665084
  type: 'test'
  ...
# Subtest: nce1-129 existing original audio parts match manifest (integrity, not hearing)
ok 6 - nce1-129 existing original audio parts match manifest (integrity, not hearing)
  ---
  duration_ms: 2.402666
  type: 'test'
  ...
# Subtest: nce1-131 existing original audio parts match manifest (integrity, not hearing)
ok 7 - nce1-131 existing original audio parts match manifest (integrity, not hearing)
  ---
  duration_ms: 2.413458
  type: 'test'
  ...
1..7
# tests 7
# suites 0
# pass 7
# fail 0
# cancelled 0
# skipped 0
# todo 0
# duration_ms 368.959167
