TAP version 13
# Subtest: nce1-121 real transcript LRC, source panel, comic and paired exercise pages
ok 1 - nce1-121 real transcript LRC, source panel, comic and paired exercise pages
  ---
  duration_ms: 9.790292
  type: 'test'
  ...
# Subtest: nce1-123 real transcript LRC, source panel, comic and paired exercise pages
ok 2 - nce1-123 real transcript LRC, source panel, comic and paired exercise pages
  ---
  duration_ms: 4.695167
  type: 'test'
  ...
# Subtest: nce1-125 real transcript LRC, source panel, comic and paired exercise pages
ok 3 - nce1-125 real transcript LRC, source panel, comic and paired exercise pages
  ---
  duration_ms: 4.400833
  type: 'test'
  ...
# Subtest: every cross-course SourcePanel pair rejects
ok 4 - every cross-course SourcePanel pair rejects
  ---
  duration_ms: 0.82375
  type: 'test'
  ...
# Subtest: record verified source evidence
ok 5 - record verified source evidence
  ---
  duration_ms: 0.778208
  type: 'test'
  ...
# Subtest: nce1-121 existing original audio parts match manifest (integrity, not hearing)
ok 6 - nce1-121 existing original audio parts match manifest (integrity, not hearing)
  ---
  duration_ms: 3.023625
  type: 'test'
  ...
# Subtest: nce1-123 existing original audio parts match manifest (integrity, not hearing)
ok 7 - nce1-123 existing original audio parts match manifest (integrity, not hearing)
  ---
  duration_ms: 3.186834
  type: 'test'
  ...
# Subtest: nce1-125 existing original audio parts match manifest (integrity, not hearing)
ok 8 - nce1-125 existing original audio parts match manifest (integrity, not hearing)
  ---
  duration_ms: 2.74625
  type: 'test'
  ...
1..8
# tests 8
# suites 0
# pass 8
# fail 0
# cancelled 0
# skipped 0
# todo 0
# duration_ms 413.686833
