TAP version 13
# Subtest: nce2-1 complete banks, meaningful variants and near-miss boundaries through production factory
ok 1 - nce2-1 complete banks, meaningful variants and near-miss boundaries through production factory
  ---
  duration_ms: 40.019666
  type: 'test'
  ...
# Subtest: nce2-1 assistance, preserved first answer, real correction guard, replay and finite delayed pools
ok 2 - nce2-1 assistance, preserved first answer, real correction guard, replay and finite delayed pools
  ---
  duration_ms: 39.541917
  type: 'test'
  ...
# Subtest: nce2-2 complete banks, meaningful variants and near-miss boundaries through production factory
ok 3 - nce2-2 complete banks, meaningful variants and near-miss boundaries through production factory
  ---
  duration_ms: 80.101375
  type: 'test'
  ...
# Subtest: nce2-2 assistance, preserved first answer, real correction guard, replay and finite delayed pools
ok 4 - nce2-2 assistance, preserved first answer, real correction guard, replay and finite delayed pools
  ---
  duration_ms: 20.50175
  type: 'test'
  ...
# Subtest: nce2-3 complete banks, meaningful variants and near-miss boundaries through production factory
ok 5 - nce2-3 complete banks, meaningful variants and near-miss boundaries through production factory
  ---
  duration_ms: 89.095917
  type: 'test'
  ...
# Subtest: nce2-3 assistance, preserved first answer, real correction guard, replay and finite delayed pools
ok 6 - nce2-3 assistance, preserved first answer, real correction guard, replay and finite delayed pools
  ---
  duration_ms: 14.93875
  type: 'test'
  ...
# Subtest: nce2-4 complete banks, meaningful variants and near-miss boundaries through production factory
ok 7 - nce2-4 complete banks, meaningful variants and near-miss boundaries through production factory
  ---
  duration_ms: 54.974375
  type: 'test'
  ...
# Subtest: nce2-4 assistance, preserved first answer, real correction guard, replay and finite delayed pools
ok 8 - nce2-4 assistance, preserved first answer, real correction guard, replay and finite delayed pools
  ---
  duration_ms: 12.504917
  type: 'test'
  ...
# Subtest: nce2-5 complete banks, meaningful variants and near-miss boundaries through production factory
ok 9 - nce2-5 complete banks, meaningful variants and near-miss boundaries through production factory
  ---
  duration_ms: 50.188
  type: 'test'
  ...
# Subtest: nce2-5 assistance, preserved first answer, real correction guard, replay and finite delayed pools
ok 10 - nce2-5 assistance, preserved first answer, real correction guard, replay and finite delayed pools
  ---
  duration_ms: 10.876958
  type: 'test'
  ...
# Subtest: nce2-6 complete banks, meaningful variants and near-miss boundaries through production factory
ok 11 - nce2-6 complete banks, meaningful variants and near-miss boundaries through production factory
  ---
  duration_ms: 32.446917
  type: 'test'
  ...
# Subtest: nce2-6 assistance, preserved first answer, real correction guard, replay and finite delayed pools
ok 12 - nce2-6 assistance, preserved first answer, real correction guard, replay and finite delayed pools
  ---
  duration_ms: 9.845291
  type: 'test'
  ...
# Subtest: nce2-1 rejects nce2-2 raw without overwriting
ok 13 - nce2-1 rejects nce2-2 raw without overwriting
  ---
  duration_ms: 0.176875
  type: 'test'
  ...
# Subtest: nce2-1 rejects nce2-3 raw without overwriting
ok 14 - nce2-1 rejects nce2-3 raw without overwriting
  ---
  duration_ms: 0.0585
  type: 'test'
  ...
# Subtest: nce2-1 rejects nce2-4 raw without overwriting
ok 15 - nce2-1 rejects nce2-4 raw without overwriting
  ---
  duration_ms: 0.043
  type: 'test'
  ...
# Subtest: nce2-1 rejects nce2-5 raw without overwriting
ok 16 - nce2-1 rejects nce2-5 raw without overwriting
  ---
  duration_ms: 0.042208
  type: 'test'
  ...
# Subtest: nce2-1 rejects nce2-6 raw without overwriting
ok 17 - nce2-1 rejects nce2-6 raw without overwriting
  ---
  duration_ms: 0.03975
  type: 'test'
  ...
# Subtest: nce2-2 rejects nce2-1 raw without overwriting
ok 18 - nce2-2 rejects nce2-1 raw without overwriting
  ---
  duration_ms: 0.038791
  type: 'test'
  ...
# Subtest: nce2-2 rejects nce2-3 raw without overwriting
ok 19 - nce2-2 rejects nce2-3 raw without overwriting
  ---
  duration_ms: 0.038
  type: 'test'
  ...
# Subtest: nce2-2 rejects nce2-4 raw without overwriting
ok 20 - nce2-2 rejects nce2-4 raw without overwriting
  ---
  duration_ms: 0.038041
  type: 'test'
  ...
# Subtest: nce2-2 rejects nce2-5 raw without overwriting
ok 21 - nce2-2 rejects nce2-5 raw without overwriting
  ---
  duration_ms: 0.048875
  type: 'test'
  ...
# Subtest: nce2-2 rejects nce2-6 raw without overwriting
ok 22 - nce2-2 rejects nce2-6 raw without overwriting
  ---
  duration_ms: 0.043708
  type: 'test'
  ...
# Subtest: nce2-3 rejects nce2-1 raw without overwriting
ok 23 - nce2-3 rejects nce2-1 raw without overwriting
  ---
  duration_ms: 0.043875
  type: 'test'
  ...
# Subtest: nce2-3 rejects nce2-2 raw without overwriting
ok 24 - nce2-3 rejects nce2-2 raw without overwriting
  ---
  duration_ms: 0.040542
  type: 'test'
  ...
# Subtest: nce2-3 rejects nce2-4 raw without overwriting
ok 25 - nce2-3 rejects nce2-4 raw without overwriting
  ---
  duration_ms: 0.049459
  type: 'test'
  ...
# Subtest: nce2-3 rejects nce2-5 raw without overwriting
ok 26 - nce2-3 rejects nce2-5 raw without overwriting
  ---
  duration_ms: 0.04075
  type: 'test'
  ...
# Subtest: nce2-3 rejects nce2-6 raw without overwriting
ok 27 - nce2-3 rejects nce2-6 raw without overwriting
  ---
  duration_ms: 0.039084
  type: 'test'
  ...
# Subtest: nce2-4 rejects nce2-1 raw without overwriting
ok 28 - nce2-4 rejects nce2-1 raw without overwriting
  ---
  duration_ms: 0.0405
  type: 'test'
  ...
# Subtest: nce2-4 rejects nce2-2 raw without overwriting
ok 29 - nce2-4 rejects nce2-2 raw without overwriting
  ---
  duration_ms: 0.039916
  type: 'test'
  ...
# Subtest: nce2-4 rejects nce2-3 raw without overwriting
ok 30 - nce2-4 rejects nce2-3 raw without overwriting
  ---
  duration_ms: 0.040125
  type: 'test'
  ...
# Subtest: nce2-4 rejects nce2-5 raw without overwriting
ok 31 - nce2-4 rejects nce2-5 raw without overwriting
  ---
  duration_ms: 0.040083
  type: 'test'
  ...
# Subtest: nce2-4 rejects nce2-6 raw without overwriting
ok 32 - nce2-4 rejects nce2-6 raw without overwriting
  ---
  duration_ms: 0.040125
  type: 'test'
  ...
# Subtest: nce2-5 rejects nce2-1 raw without overwriting
ok 33 - nce2-5 rejects nce2-1 raw without overwriting
  ---
  duration_ms: 0.042416
  type: 'test'
  ...
# Subtest: nce2-5 rejects nce2-2 raw without overwriting
ok 34 - nce2-5 rejects nce2-2 raw without overwriting
  ---
  duration_ms: 0.077916
  type: 'test'
  ...
# Subtest: nce2-5 rejects nce2-3 raw without overwriting
ok 35 - nce2-5 rejects nce2-3 raw without overwriting
  ---
  duration_ms: 0.241166
  type: 'test'
  ...
# Subtest: nce2-5 rejects nce2-4 raw without overwriting
ok 36 - nce2-5 rejects nce2-4 raw without overwriting
  ---
  duration_ms: 0.108833
  type: 'test'
  ...
# Subtest: nce2-5 rejects nce2-6 raw without overwriting
ok 37 - nce2-5 rejects nce2-6 raw without overwriting
  ---
  duration_ms: 0.080125
  type: 'test'
  ...
# Subtest: nce2-6 rejects nce2-1 raw without overwriting
ok 38 - nce2-6 rejects nce2-1 raw without overwriting
  ---
  duration_ms: 0.152458
  type: 'test'
  ...
# Subtest: nce2-6 rejects nce2-2 raw without overwriting
ok 39 - nce2-6 rejects nce2-2 raw without overwriting
  ---
  duration_ms: 0.284667
  type: 'test'
  ...
# Subtest: nce2-6 rejects nce2-3 raw without overwriting
ok 40 - nce2-6 rejects nce2-3 raw without overwriting
  ---
  duration_ms: 0.211708
  type: 'test'
  ...
# Subtest: nce2-6 rejects nce2-4 raw without overwriting
ok 41 - nce2-6 rejects nce2-4 raw without overwriting
  ---
  duration_ms: 0.483875
  type: 'test'
  ...
# Subtest: nce2-6 rejects nce2-5 raw without overwriting
ok 42 - nce2-6 rejects nce2-5 raw without overwriting
  ---
  duration_ms: 0.1215
  type: 'test'
  ...
# Subtest: external independent blind 001-003 covers eighteen tasks per course and every reasonable variant
ok 43 - external independent blind 001-003 covers eighteen tasks per course and every reasonable variant
  ---
  duration_ms: 1.368167
  type: 'test'
  ...
# Subtest: external independent blind 004-006 covers eighteen tasks per course and every reasonable variant
ok 44 - external independent blind 004-006 covers eighteen tasks per course and every reasonable variant
  ---
  duration_ms: 0.695292
  type: 'test'
  ...
# Subtest: blind stems 001-003 remain identical to reviewed final tasks
ok 45 - blind stems 001-003 remain identical to reviewed final tasks
  ---
  duration_ms: 1.930041
  type: 'test'
  ...
# Subtest: blind stems 004-006 remain identical to reviewed final tasks
ok 46 - blind stems 004-006 remain identical to reviewed final tasks
  ---
  duration_ms: 0.755584
  type: 'test'
  ...
# Subtest: shared production implementations and source guard are byte identical to exact frozen baseline
ok 47 - shared production implementations and source guard are byte identical to exact frozen baseline
  ---
  duration_ms: 231.630417
  type: 'test'
  ...
# Subtest: all tracked diff and untracked delivery files stay in this content/test/docs ownership
ok 48 - all tracked diff and untracked delivery files stay in this content/test/docs ownership
  ---
  duration_ms: 45.955875
  type: 'test'
  ...
# Subtest: new task contexts are distinct, target banks include real first/repair/delayed material
ok 49 - new task contexts are distinct, target banks include real first/repair/delayed material
  ---
  duration_ms: 12.129208
  type: 'test'
  ...
# Subtest: six real NCE2 units remain unwired; no bypass from completed book one
ok 50 - six real NCE2 units remain unwired; no bypass from completed book one
  ---
  duration_ms: 2846.57225
  type: 'test'
  ...
# Subtest: nce2-1 real single-lesson LRC, SourcePanel, scanned textbook and exercise pages
ok 51 - nce2-1 real single-lesson LRC, SourcePanel, scanned textbook and exercise pages
  ---
  duration_ms: 20.494542
  type: 'test'
  ...
# Subtest: nce2-2 real single-lesson LRC, SourcePanel, scanned textbook and exercise pages
ok 52 - nce2-2 real single-lesson LRC, SourcePanel, scanned textbook and exercise pages
  ---
  duration_ms: 6.416584
  type: 'test'
  ...
# Subtest: nce2-3 real single-lesson LRC, SourcePanel, scanned textbook and exercise pages
ok 53 - nce2-3 real single-lesson LRC, SourcePanel, scanned textbook and exercise pages
  ---
  duration_ms: 7.615708
  type: 'test'
  ...
# Subtest: nce2-4 real single-lesson LRC, SourcePanel, scanned textbook and exercise pages
ok 54 - nce2-4 real single-lesson LRC, SourcePanel, scanned textbook and exercise pages
  ---
  duration_ms: 5.091916
  type: 'test'
  ...
# Subtest: nce2-5 real single-lesson LRC, SourcePanel, scanned textbook and exercise pages
ok 55 - nce2-5 real single-lesson LRC, SourcePanel, scanned textbook and exercise pages
  ---
  duration_ms: 4.578125
  type: 'test'
  ...
# Subtest: nce2-6 real single-lesson LRC, SourcePanel, scanned textbook and exercise pages
ok 56 - nce2-6 real single-lesson LRC, SourcePanel, scanned textbook and exercise pages
  ---
  duration_ms: 5.449375
  type: 'test'
  ...
# Subtest: every cross-course SourcePanel pair rejects
ok 57 - every cross-course SourcePanel pair rejects
  ---
  duration_ms: 1.828917
  type: 'test'
  ...
1..57
# tests 57
# suites 0
# pass 57
# fail 0
# cancelled 0
# skipped 0
# todo 0
# duration_ms 5831.480666
