TAP version 13
# Subtest: shared production implementations and source guard are byte identical to exact frozen baseline
ok 1 - shared production implementations and source guard are byte identical to exact frozen baseline
  ---
  duration_ms: 211.770625
  type: 'test'
  ...
# Subtest: all tracked diff and untracked delivery files stay in this content/test/docs ownership
ok 2 - all tracked diff and untracked delivery files stay in this content/test/docs ownership
  ---
  duration_ms: 41.2245
  type: 'test'
  ...
# Subtest: new task contexts are distinct, target banks include real first/repair/delayed material
ok 3 - new task contexts are distinct, target banks include real first/repair/delayed material
  ---
  duration_ms: 12.9335
  type: 'test'
  ...
# Subtest: unwired successors keep the real current route; QA registration is not production integration
ok 4 - unwired successors keep the real current route; QA registration is not production integration
  ---
  duration_ms: 149.72525
  type: 'test'
  ...
1..4
# tests 4
# suites 0
# pass 4
# fail 0
# cancelled 0
# skipped 0
# todo 0
# duration_ms 527.03175
