TAP version 13
# Subtest: nce1-67 real transcript LRC, source panel, comic and paired exercise pages
ok 1 - nce1-67 real transcript LRC, source panel, comic and paired exercise pages
  ---
  duration_ms: 7.816292
  type: 'test'
  ...
# Subtest: nce1-69 real transcript LRC, source panel, comic and paired exercise pages
ok 2 - nce1-69 real transcript LRC, source panel, comic and paired exercise pages
  ---
  duration_ms: 3.823875
  type: 'test'
  ...
# Subtest: nce1-71 real transcript LRC, source panel, comic and paired exercise pages
ok 3 - nce1-71 real transcript LRC, source panel, comic and paired exercise pages
  ---
  duration_ms: 3.868042
  type: 'test'
  ...
# Subtest: every cross-course SourcePanel pair rejects
ok 4 - every cross-course SourcePanel pair rejects
  ---
  duration_ms: 0.908875
  type: 'test'
  ...
# Subtest: record verified source evidence
ok 5 - record verified source evidence
  ---
  duration_ms: 1.030292
  type: 'test'
  ...
1..5
# tests 5
# suites 0
# pass 5
# fail 0
# cancelled 0
# skipped 0
# todo 0
# duration_ms 259.770042
