TAP version 13
# Subtest: nce1-61 real transcript LRC, source panel, comic and paired exercise pages
ok 1 - nce1-61 real transcript LRC, source panel, comic and paired exercise pages
  ---
  duration_ms: 9.005167
  type: 'test'
  ...
# Subtest: nce1-63 real transcript LRC, source panel, comic and paired exercise pages
ok 2 - nce1-63 real transcript LRC, source panel, comic and paired exercise pages
  ---
  duration_ms: 3.94925
  type: 'test'
  ...
# Subtest: nce1-65 real transcript LRC, source panel, comic and paired exercise pages
ok 3 - nce1-65 real transcript LRC, source panel, comic and paired exercise pages
  ---
  duration_ms: 3.601042
  type: 'test'
  ...
# Subtest: nce1-67 real transcript LRC, source panel, comic and paired exercise pages
ok 4 - nce1-67 real transcript LRC, source panel, comic and paired exercise pages
  ---
  duration_ms: 4.434666
  type: 'test'
  ...
# Subtest: nce1-69 real transcript LRC, source panel, comic and paired exercise pages
ok 5 - nce1-69 real transcript LRC, source panel, comic and paired exercise pages
  ---
  duration_ms: 4.0705
  type: 'test'
  ...
# Subtest: nce1-71 real transcript LRC, source panel, comic and paired exercise pages
ok 6 - nce1-71 real transcript LRC, source panel, comic and paired exercise pages
  ---
  duration_ms: 3.940417
  type: 'test'
  ...
# Subtest: every cross-course SourcePanel pair rejects
ok 7 - every cross-course SourcePanel pair rejects
  ---
  duration_ms: 1.179958
  type: 'test'
  ...
# Subtest: record verified source evidence
ok 8 - record verified source evidence
  ---
  duration_ms: 0.872542
  type: 'test'
  ...
1..8
# tests 8
# suites 0
# pass 8
# fail 0
# cancelled 0
# skipped 0
# todo 0
# duration_ms 312.711833
