TAP version 13
# Subtest: nce1-73 real transcript LRC, source panel, comic and paired exercise pages
ok 1 - nce1-73 real transcript LRC, source panel, comic and paired exercise pages
  ---
  duration_ms: 8.695667
  type: 'test'
  ...
# Subtest: nce1-75 real transcript LRC, source panel, comic and paired exercise pages
ok 2 - nce1-75 real transcript LRC, source panel, comic and paired exercise pages
  ---
  duration_ms: 3.706542
  type: 'test'
  ...
# Subtest: nce1-77 real transcript LRC, source panel, comic and paired exercise pages
ok 3 - nce1-77 real transcript LRC, source panel, comic and paired exercise pages
  ---
  duration_ms: 3.008584
  type: 'test'
  ...
# Subtest: every cross-course SourcePanel pair rejects
ok 4 - every cross-course SourcePanel pair rejects
  ---
  duration_ms: 0.790458
  type: 'test'
  ...
# Subtest: record verified source evidence
ok 5 - record verified source evidence
  ---
  duration_ms: 0.961958
  type: 'test'
  ...
# Subtest: nce1-73 existing original audio parts match manifest (integrity, not hearing)
ok 6 - nce1-73 existing original audio parts match manifest (integrity, not hearing)
  ---
  duration_ms: 3.140917
  type: 'test'
  ...
# Subtest: nce1-75 existing original audio parts match manifest (integrity, not hearing)
ok 7 - nce1-75 existing original audio parts match manifest (integrity, not hearing)
  ---
  duration_ms: 3.052958
  type: 'test'
  ...
# Subtest: nce1-77 existing original audio parts match manifest (integrity, not hearing)
ok 8 - nce1-77 existing original audio parts match manifest (integrity, not hearing)
  ---
  duration_ms: 3.585708
  type: 'test'
  ...
1..8
# tests 8
# suites 0
# pass 8
# fail 0
# cancelled 0
# skipped 0
# todo 0
# duration_ms 324.726125
