TAP version 13
# Subtest: nce1-85 real transcript LRC, source panel, comic and paired exercise pages
ok 1 - nce1-85 real transcript LRC, source panel, comic and paired exercise pages
  ---
  duration_ms: 8.523458
  type: 'test'
  ...
# Subtest: nce1-87 real transcript LRC, source panel, comic and paired exercise pages
ok 2 - nce1-87 real transcript LRC, source panel, comic and paired exercise pages
  ---
  duration_ms: 3.820292
  type: 'test'
  ...
# Subtest: nce1-89 real transcript LRC, source panel, comic and paired exercise pages
ok 3 - nce1-89 real transcript LRC, source panel, comic and paired exercise pages
  ---
  duration_ms: 3.259292
  type: 'test'
  ...
# Subtest: every cross-course SourcePanel pair rejects
ok 4 - every cross-course SourcePanel pair rejects
  ---
  duration_ms: 0.793459
  type: 'test'
  ...
# Subtest: record verified source evidence
ok 5 - record verified source evidence
  ---
  duration_ms: 1.006333
  type: 'test'
  ...
1..5
# tests 5
# suites 0
# pass 5
# fail 0
# cancelled 0
# skipped 0
# todo 0
# duration_ms 307.925083
